ok  	github.com/vikash/goutils/slice	0.602s
